// Jest Snapshot v1, https://goo.gl/fbAQLP

exports[`<AuditInfoItem /> renders correctly 1`] = `
<AuditInfoItem
  isBlockTime={false}
  singleAudit={
    Object {
      "appointmentDate": "2018-12-19T00:00:00",
      "appointmentEndTime": "15:15:00",
      "appointmentStartTime": "14:45:00",
      "auditDateTime": "2018-12-19T14:53:51",
      "auditEmployee": "Beth",
      "auditType": 1,
      "id": 1719095,
      "provider": "Beth",
      "service": "Men's Cut",
    }
  }
>
  <View
    style={
      Object {
        "alignItems": "flex-start",
        "flex": 1,
        "flexDirection": "column",
        "justifyContent": "center",
        "paddingVertical": 5,
      }
    }
  >
    <View
      style={
        Object {
          "alignItems": "flex-start",
          "flex": 1,
          "flexDirection": "column",
          "justifyContent": "center",
          "paddingVertical": 5,
        }
      }
    >
      <Text
        accessible={true}
        allowFontScaling={true}
        ellipsizeMode="tail"
        style={
          Object {
            "backgroundColor": "transparent",
            "color": "#000000",
            "fontFamily": "Roboto",
            "fontSize": 14,
          }
        }
      >
        <Text
          accessible={true}
          allowFontScaling={true}
          ellipsizeMode="tail"
          style={
            Object {
              "backgroundColor": "transparent",
              "color": "#000000",
              "fontFamily": "Roboto",
              "fontSize": 14,
            }
          }
        >
          MODIFIED
        </Text>
      </Text>
      <Text
        accessible={true}
        allowFontScaling={true}
        ellipsizeMode="tail"
        style={
          Object {
            "backgroundColor": "transparent",
            "color": "#3F3F3F",
            "fontFamily": "Roboto",
            "fontSize": 11,
          }
        }
      >
        <Text
          accessible={true}
          allowFontScaling={true}
          ellipsizeMode="tail"
          style={
            Object {
              "backgroundColor": "transparent",
              "color": "#3F3F3F",
              "fontFamily": "Roboto",
              "fontSize": 11,
            }
          }
        >
          Men's Cut
           with 
          Beth
           on 
          12/19/2018
           at 
           
          02:45 PM
        </Text>
      </Text>
      <Text
        accessible={true}
        allowFontScaling={true}
        ellipsizeMode="tail"
        style={
          Object {
            "backgroundColor": "transparent",
            "color": "#000000",
            "fontFamily": "Roboto",
            "fontSize": 11,
          }
        }
      >
        <Text
          accessible={true}
          allowFontScaling={true}
          ellipsizeMode="tail"
          style={
            Object {
              "backgroundColor": "transparent",
              "color": "#000000",
              "fontFamily": "Roboto",
              "fontSize": 11,
            }
          }
        >
          by 
          Beth
           on 
          12/19/2018
        </Text>
      </Text>
    </View>
  </View>
</AuditInfoItem>
`;
