// Jest Snapshot v1, https://goo.gl/fbAQLP

exports[`UserNameInput renders correctly 1`] = `
<View
  style={
    Array [
      Object {
        "alignItems": "center",
        "backgroundColor": "rgba(0, 0, 0, 0.15)",
        "borderRadius": 4,
        "flexDirection": "row",
        "justifyContent": "center",
        "marginBottom": 3,
        "marginLeft": "auto",
        "marginRight": "auto",
        "maxWidth": 311,
        "paddingLeft": 20,
        "paddingRight": 20,
      },
      Object {
        "borderBottomWidth": 1,
        "borderColor": "red",
        "borderLeftWidth": 1,
        "borderRightWidth": 1,
        "borderStyle": "solid",
        "borderTopWidth": 1,
      },
    ]
  }
>
  <Icon
    style={
      Object {
        "alignSelf": "center",
        "color": "rgba(255, 255, 255, 0.25)",
        "fontSize": 16,
        "height": 16,
        "resizeMode": "contain",
        "width": 16,
      }
    }
  >
    ï€‡
  </Icon>
  <Styled(Input)
    autoCapitalize="none"
    autoCorrect={false}
    blurOnSubmit={true}
    disabled={true}
    onChangeText={[MockFunction]}
    placeholder="Username"
    placeholderTextColor="rgb(76.15, 135.15, 216.75)"
    style={
      Array [
        Object {
          "color": "white",
          "fontSize": 16,
          "fontWeight": "500",
          "marginLeft": 22,
          "marginTop": 0,
          "paddingLeft": 0,
          "paddingTop": 0,
        },
        Object {
          "fontFamily": "Roboto-Regular",
        },
      ]
    }
    underline={false}
    value="test"
  />
</View>
`;
